[embeddings] model=Xenova/dinov2-small dtype=q8
[embeddings] 19890 cards
[embeddings] model loaded in 0.3s
[embeddings] resuming — 40 cards already embedded
[embeddings] 540/19890 (26.1/s, ETA 12.3 min)
[embeddings] 1040/19890 (20.5/s, ETA 15.3 min)
[embeddings] 1540/19890 (22.4/s, ETA 13.6 min)
[embeddings] 2040/19890 (23.7/s, ETA 12.6 min)
[embeddings] 2540/19890 (23.1/s, ETA 12.5 min)
[embeddings] 3040/19890 (24.0/s, ETA 11.7 min)
[embeddings] 3540/19890 (25.1/s, ETA 10.8 min)
[embeddings] 4040/19890 (24.8/s, ETA 10.6 min)
[embeddings] 4540/19890 (25.4/s, ETA 10.1 min)
[embeddings] 5040/19890 (25.9/s, ETA 9.6 min)
[embeddings] 5540/19890 (26.6/s, ETA 9.0 min)
[embeddings] 6040/19890 (27.0/s, ETA 8.5 min)
[embeddings] 6540/19890 (27.4/s, ETA 8.1 min)
[embeddings] 7040/19890 (27.8/s, ETA 7.7 min)
[embeddings] 7540/19890 (27.9/s, ETA 7.4 min)
[embeddings] 8040/19890 (28.1/s, ETA 7.0 min)
[embeddings] 8540/19890 (28.3/s, ETA 6.7 min)
[embeddings] 9040/19890 (28.4/s, ETA 6.4 min)
[embeddings] 9540/19890 (28.4/s, ETA 6.1 min)
[embeddings] 10040/19890 (28.5/s, ETA 5.8 min)
[embeddings] 10540/19890 (28.5/s, ETA 5.5 min)
[embeddings] 11040/19890 (28.7/s, ETA 5.1 min)
[embeddings] 11540/19890 (28.9/s, ETA 4.8 min)
[embeddings] 12040/19890 (29.1/s, ETA 4.5 min)
[embeddings] 12540/19890 (29.2/s, ETA 4.2 min)
[embeddings] 13040/19890 (29.4/s, ETA 3.9 min)
[embeddings] 13540/19890 (29.6/s, ETA 3.6 min)
[embeddings] 14040/19890 (29.7/s, ETA 3.3 min)
[embeddings] 14540/19890 (29.8/s, ETA 3.0 min)
[embeddings] 15040/19890 (30.0/s, ETA 2.7 min)
[embeddings] 15540/19890 (30.1/s, ETA 2.4 min)
[embeddings] 16040/19890 (30.1/s, ETA 2.1 min)
[embeddings] 16540/19890 (30.2/s, ETA 1.8 min)
[embeddings] 17040/19890 (30.3/s, ETA 1.6 min)
[embeddings] 17540/19890 (30.3/s, ETA 1.3 min)
[embeddings] 18040/19890 (30.4/s, ETA 1.0 min)
[embeddings] 18540/19890 (30.5/s, ETA 0.7 min)
[embeddings] 19040/19890 (30.4/s, ETA 0.5 min)
[embeddings] 19540/19890 (30.4/s, ETA 0.2 min)
[embeddings] done — 19850 cards, 0 failed, 10.9 min
[embeddings] dims=384 | C:\Users\daith\.card-pricer-v3\embeddings.json (21.0 MB JSON)
[embeddings] binary-packed would be 7.3 MB per descriptor
[embeddings] model=Xenova/dinov2-small dtype=q8 normalise=false
[embeddings] 20427 cards
[embeddings] model loaded in 0.3s
[embeddings] resuming — 19890 cards already embedded
[embeddings] 20390/20427 (27.4/s, ETA 0.0 min)
[embeddings] done — 537 cards, 0 failed, 0.3 min
[embeddings] dims=384 | C:\Users\daith\.card-pricer-v3\embeddings.json (21.5 MB JSON)
[embeddings] binary-packed would be 0.2 MB per descriptor
