2026-08-04T20:14:17.774Z SKIP set:base2 — page 1 — HTTP 500
2026-08-04T20:14:17.842Z SKIP set:base1 — page 1 — HTTP 500
2026-08-04T20:17:11.123Z SKIP set:bw10 — page 1 after 6 attempts — HTTP 500
2026-08-04T20:20:40.801Z SKIP set:sv2 — page 1 after 6 attempts — HTTP 500
2026-08-04T20:20:59.412Z SKIP set:sv4pt5 — page 1 after 6 attempts — HTTP 500
2026-08-04T20:21:27.302Z SKIP set:sv8 — page 2 after 6 attempts — HTTP 500
2026-08-04T20:21:37.060Z SKIP set:svp — page 1 after 6 attempts — HTTP 500
2026-08-04T20:22:19.250Z SKIP set:swsh5 — page 1 after 6 attempts — HTTP 502
2026-08-04T20:22:44.406Z SKIP set:xy5 — page 1 after 6 attempts — HTTP 500
2026-08-04T20:23:12.763Z SKIP ecard2-67 — after 1 attempts — HTTP 404
2026-08-04T20:23:21.881Z SKIP ex5-102 — after 1 attempts — HTTP 404
2026-08-04T20:23:29.446Z SKIP hsp-HGSS18 — after 1 attempts — HTTP 404
2026-08-04T20:23:29.692Z SKIP mcd14-10 — after 1 attempts — HTTP 404
2026-08-04T20:23:29.711Z SKIP mcd14-1 — after 1 attempts — HTTP 404
2026-08-04T20:23:29.735Z SKIP mcd14-11 — after 1 attempts — HTTP 404
2026-08-04T20:23:29.739Z SKIP mcd14-12 — after 1 attempts — HTTP 404
2026-08-04T20:23:29.755Z SKIP mcd14-3 — after 1 attempts — HTTP 404
2026-08-04T20:23:29.757Z SKIP mcd14-4 — after 1 attempts — HTTP 404
2026-08-04T20:23:29.759Z SKIP mcd14-5 — after 1 attempts — HTTP 404
2026-08-04T20:23:29.760Z SKIP mcd14-2 — after 1 attempts — HTTP 404
2026-08-04T20:23:29.767Z SKIP mcd14-6 — after 1 attempts — HTTP 404
2026-08-04T20:23:29.775Z SKIP mcd14-8 — after 1 attempts — HTTP 404
2026-08-04T20:23:29.784Z SKIP mcd14-7 — after 1 attempts — HTTP 404
2026-08-04T20:23:29.787Z SKIP mcd15-11 — after 1 attempts — HTTP 404
2026-08-04T20:23:29.788Z SKIP mcd14-9 — after 1 attempts — HTTP 404
2026-08-04T20:23:29.791Z SKIP mcd15-12 — after 1 attempts — HTTP 404
2026-08-04T20:23:29.797Z SKIP mcd15-3 — after 1 attempts — HTTP 404
2026-08-04T20:23:29.802Z SKIP mcd15-1 — after 1 attempts — HTTP 404
2026-08-04T20:23:29.804Z SKIP mcd15-2 — after 1 attempts — HTTP 404
2026-08-04T20:23:29.806Z SKIP mcd15-10 — after 1 attempts — HTTP 404
2026-08-04T20:23:29.809Z SKIP mcd15-4 — after 1 attempts — HTTP 404
2026-08-04T20:23:29.817Z SKIP mcd15-6 — after 1 attempts — HTTP 404
2026-08-04T20:23:29.832Z SKIP mcd15-9 — after 1 attempts — HTTP 404
2026-08-04T20:23:29.834Z SKIP mcd15-7 — after 1 attempts — HTTP 404
2026-08-04T20:23:29.835Z SKIP mcd15-8 — after 1 attempts — HTTP 404
2026-08-04T20:23:29.838Z SKIP mcd15-5 — after 1 attempts — HTTP 404
2026-08-04T20:23:29.869Z SKIP mcd17-11 — after 1 attempts — HTTP 404
2026-08-04T20:23:29.873Z SKIP mcd17-10 — after 1 attempts — HTTP 404
2026-08-04T20:23:29.874Z SKIP mcd17-1 — after 1 attempts — HTTP 404
2026-08-04T20:23:29.885Z SKIP mcd17-12 — after 1 attempts — HTTP 404
2026-08-04T20:23:29.903Z SKIP mcd17-3 — after 1 attempts — HTTP 404
2026-08-04T20:23:29.905Z SKIP mcd17-2 — after 1 attempts — HTTP 404
2026-08-04T20:23:29.918Z SKIP mcd17-4 — after 1 attempts — HTTP 404
2026-08-04T20:23:29.919Z SKIP mcd17-6 — after 1 attempts — HTTP 404
2026-08-04T20:23:29.921Z SKIP mcd17-5 — after 1 attempts — HTTP 404
2026-08-04T20:23:29.923Z SKIP mcd17-8 — after 1 attempts — HTTP 404
2026-08-04T20:23:29.925Z SKIP mcd17-9 — after 1 attempts — HTTP 404
2026-08-04T20:23:29.930Z SKIP mcd17-7 — after 1 attempts — HTTP 404
2026-08-04T20:23:29.937Z SKIP mcd18-10 — after 1 attempts — HTTP 404
2026-08-04T20:23:29.939Z SKIP mcd18-1 — after 1 attempts — HTTP 404
2026-08-04T20:23:29.941Z SKIP mcd18-11 — after 1 attempts — HTTP 404
2026-08-04T20:23:29.953Z SKIP mcd18-2 — after 1 attempts — HTTP 404
2026-08-04T20:23:29.956Z SKIP mcd18-12 — after 1 attempts — HTTP 404
2026-08-04T20:23:29.963Z SKIP mcd18-3 — after 1 attempts — HTTP 404
2026-08-04T20:23:29.964Z SKIP mcd18-4 — after 1 attempts — HTTP 404
2026-08-04T20:23:29.967Z SKIP mcd18-7 — after 1 attempts — HTTP 404
2026-08-04T20:23:29.970Z SKIP mcd18-6 — after 1 attempts — HTTP 404
2026-08-04T20:23:29.977Z SKIP mcd18-9 — after 1 attempts — HTTP 404
2026-08-04T20:23:29.978Z SKIP mcd18-5 — after 1 attempts — HTTP 404
2026-08-04T20:23:29.981Z SKIP mcd18-8 — after 1 attempts — HTTP 404
2026-08-04T20:25:48.840Z SKIP set:base1 — page 1 after 6 attempts — HTTP 500
2026-08-04T20:26:14.891Z SKIP set:base6 — page 1 after 6 attempts — HTTP 500
2026-08-04T20:26:39.805Z SKIP set:det1 — page 1 after 6 attempts — HTTP 500
2026-08-04T20:28:16.892Z SKIP set:ex15 — page 1 after 6 attempts — timeout of 20000ms exceeded
2026-08-04T20:28:28.257Z SKIP set:ex13 — page 1 after 6 attempts — timeout of 20000ms exceeded
2026-08-04T20:28:54.820Z SKIP set:ex9 — page 1 after 6 attempts — timeout of 20000ms exceeded
2026-08-04T20:28:58.894Z SKIP set:g1 — page 1 after 6 attempts — HTTP 502
2026-08-04T20:29:37.185Z SKIP set:neo1 — page 1 after 6 attempts — HTTP 500
2026-08-04T20:31:37.071Z SKIP set:sm7 — page 1 after 6 attempts — HTTP 500
2026-08-04T20:32:25.298Z SKIP set:sv8pt5 — page 1 after 6 attempts — HTTP 500
2026-08-04T20:33:07.183Z SKIP set:swsh4 — page 1 after 6 attempts — HTTP 500
2026-08-04T20:33:08.478Z SKIP set:swsh45 — page 1 after 6 attempts — HTTP 500
2026-08-04T20:33:31.934Z SKIP set:swsh8 — page 1 after 6 attempts — HTTP 500
2026-08-04T20:34:01.269Z SKIP ecard2-67 — after 1 attempts — HTTP 404
2026-08-04T20:34:01.272Z SKIP ex5-102 — after 1 attempts — HTTP 404
2026-08-04T20:34:01.275Z SKIP hsp-HGSS18 — after 1 attempts — HTTP 404
2026-08-04T20:34:01.278Z SKIP mcd14-1 — after 1 attempts — HTTP 404
2026-08-04T20:34:01.280Z SKIP mcd14-12 — after 1 attempts — HTTP 404
2026-08-04T20:34:01.283Z SKIP mcd14-11 — after 1 attempts — HTTP 404
2026-08-04T20:34:01.284Z SKIP mcd14-10 — after 1 attempts — HTTP 404
2026-08-04T20:34:01.285Z SKIP mcd14-2 — after 1 attempts — HTTP 404
2026-08-04T20:34:01.288Z SKIP mcd14-3 — after 1 attempts — HTTP 404
2026-08-04T20:34:01.291Z SKIP mcd14-4 — after 1 attempts — HTTP 404
2026-08-04T20:34:01.296Z SKIP mcd14-6 — after 1 attempts — HTTP 404
2026-08-04T20:34:01.298Z SKIP mcd14-7 — after 1 attempts — HTTP 404
2026-08-04T20:34:01.302Z SKIP mcd14-8 — after 1 attempts — HTTP 404
2026-08-04T20:34:01.304Z SKIP mcd14-9 — after 1 attempts — HTTP 404
2026-08-04T20:34:01.307Z SKIP mcd15-1 — after 1 attempts — HTTP 404
2026-08-04T20:34:01.308Z SKIP mcd14-5 — after 1 attempts — HTTP 404
2026-08-04T20:34:01.311Z SKIP mcd15-11 — after 1 attempts — HTTP 404
2026-08-04T20:34:01.312Z SKIP mcd15-10 — after 1 attempts — HTTP 404
2026-08-04T20:34:01.321Z SKIP mcd15-12 — after 1 attempts — HTTP 404
2026-08-04T20:34:01.324Z SKIP mcd15-4 — after 1 attempts — HTTP 404
2026-08-04T20:34:01.326Z SKIP mcd15-6 — after 1 attempts — HTTP 404
2026-08-04T20:34:01.328Z SKIP mcd15-2 — after 1 attempts — HTTP 404
2026-08-04T20:34:01.330Z SKIP mcd15-3 — after 1 attempts — HTTP 404
2026-08-04T20:34:01.331Z SKIP mcd15-5 — after 1 attempts — HTTP 404
2026-08-04T20:34:01.334Z SKIP mcd15-7 — after 1 attempts — HTTP 404
2026-08-04T20:34:01.336Z SKIP mcd15-8 — after 1 attempts — HTTP 404
2026-08-04T20:34:01.339Z SKIP mcd15-9 — after 1 attempts — HTTP 404
2026-08-04T20:34:01.342Z SKIP mcd17-1 — after 1 attempts — HTTP 404
2026-08-04T20:34:01.345Z SKIP mcd17-10 — after 1 attempts — HTTP 404
2026-08-04T20:34:01.348Z SKIP mcd17-11 — after 1 attempts — HTTP 404
2026-08-04T20:34:01.354Z SKIP mcd17-12 — after 1 attempts — HTTP 404
2026-08-04T20:34:01.357Z SKIP mcd17-3 — after 1 attempts — HTTP 404
2026-08-04T20:34:01.359Z SKIP mcd17-4 — after 1 attempts — HTTP 404
2026-08-04T20:34:01.361Z SKIP mcd17-5 — after 1 attempts — HTTP 404
2026-08-04T20:34:01.363Z SKIP mcd17-2 — after 1 attempts — HTTP 404
2026-08-04T20:34:01.365Z SKIP mcd17-6 — after 1 attempts — HTTP 404
2026-08-04T20:34:01.852Z SKIP mcd17-7 — after 1 attempts — HTTP 404
2026-08-04T20:34:01.857Z SKIP mcd17-8 — after 1 attempts — HTTP 404
2026-08-04T20:34:01.862Z SKIP mcd17-9 — after 1 attempts — HTTP 404
2026-08-04T20:34:01.867Z SKIP mcd18-10 — after 1 attempts — HTTP 404
2026-08-04T20:34:01.872Z SKIP mcd18-1 — after 1 attempts — HTTP 404
2026-08-04T20:34:01.877Z SKIP mcd18-2 — after 1 attempts — HTTP 404
2026-08-04T20:34:01.880Z SKIP mcd18-12 — after 1 attempts — HTTP 404
2026-08-04T20:34:01.884Z SKIP mcd18-11 — after 1 attempts — HTTP 404
2026-08-04T20:34:01.888Z SKIP mcd18-4 — after 1 attempts — HTTP 404
2026-08-04T20:34:01.893Z SKIP mcd18-7 — after 1 attempts — HTTP 404
2026-08-04T20:34:01.898Z SKIP mcd18-5 — after 1 attempts — HTTP 404
2026-08-04T20:34:01.902Z SKIP mcd18-6 — after 1 attempts — HTTP 404
2026-08-04T20:34:01.907Z SKIP mcd18-3 — after 1 attempts — HTTP 404
2026-08-04T20:34:01.910Z SKIP mcd18-9 — after 1 attempts — HTTP 404
2026-08-04T20:34:01.915Z SKIP mcd18-8 — after 1 attempts — HTTP 404
2026-08-04T20:34:05.966Z SKIP svp-102 — after 1 attempts — HTTP 404
2026-08-05T21:55:56.660Z SKIP set:bw7 — page 1 after 6 attempts — HTTP 500
2026-08-05T21:55:58.853Z SKIP set:cel25 — page 1 after 6 attempts — HTTP 500
2026-08-05T21:56:54.414Z SKIP set:sv8pt5 — page 1 after 6 attempts — HTTP 500
2026-08-05T21:56:54.666Z SKIP set:sve — page 1 after 6 attempts — HTTP 500
2026-08-05T21:56:59.587Z SKIP set:svp — page 1 after 6 attempts — HTTP 429
2026-08-05T21:57:12.821Z SKIP set:swsh11 — page 1 after 6 attempts — HTTP 500
2026-08-05T21:57:30.421Z SKIP mcd14-1 — after 1 attempts — HTTP 404
2026-08-05T21:57:30.424Z SKIP hsp-HGSS18 — after 1 attempts — HTTP 404
2026-08-05T21:57:30.428Z SKIP mcd14-12 — after 1 attempts — HTTP 404
2026-08-05T21:57:30.434Z SKIP mcd14-6 — after 1 attempts — HTTP 404
2026-08-05T21:57:30.439Z SKIP mcd14-11 — after 1 attempts — HTTP 404
2026-08-05T21:57:30.446Z SKIP ex5-102 — after 1 attempts — HTTP 404
2026-08-05T21:57:30.448Z SKIP ecard2-67 — after 1 attempts — HTTP 404
2026-08-05T21:57:30.450Z SKIP mcd14-10 — after 1 attempts — HTTP 404
2026-08-05T21:57:30.462Z SKIP mcd14-2 — after 1 attempts — HTTP 404
2026-08-05T21:57:30.463Z SKIP mcd15-10 — after 1 attempts — HTTP 404
2026-08-05T21:57:30.466Z SKIP mcd15-12 — after 1 attempts — HTTP 404
2026-08-05T21:57:30.474Z SKIP mcd14-5 — after 1 attempts — HTTP 404
2026-08-05T21:57:30.483Z SKIP mcd15-11 — after 1 attempts — HTTP 404
2026-08-05T21:57:30.485Z SKIP mcd15-2 — after 1 attempts — HTTP 404
2026-08-05T21:57:30.487Z SKIP mcd15-5 — after 1 attempts — HTTP 404
2026-08-05T21:57:30.490Z SKIP mcd15-6 — after 1 attempts — HTTP 404
2026-08-05T21:57:30.492Z SKIP mcd15-4 — after 1 attempts — HTTP 404
2026-08-05T21:57:30.494Z SKIP mcd15-3 — after 1 attempts — HTTP 404
2026-08-05T21:57:30.505Z SKIP mcd15-9 — after 1 attempts — HTTP 404
2026-08-05T21:57:30.506Z SKIP mcd15-8 — after 1 attempts — HTTP 404
2026-08-05T21:57:30.512Z SKIP mcd15-7 — after 1 attempts — HTTP 404
2026-08-05T21:57:30.515Z SKIP mcd14-7 — after 1 attempts — HTTP 404
2026-08-05T21:57:30.524Z SKIP mcd17-11 — after 1 attempts — HTTP 404
2026-08-05T21:57:30.529Z SKIP mcd17-10 — after 1 attempts — HTTP 404
2026-08-05T21:57:30.531Z SKIP mcd14-8 — after 1 attempts — HTTP 404
2026-08-05T21:57:30.532Z SKIP mcd17-1 — after 1 attempts — HTTP 404
2026-08-05T21:57:30.534Z SKIP mcd14-3 — after 1 attempts — HTTP 404
2026-08-05T21:57:30.544Z SKIP mcd14-4 — after 1 attempts — HTTP 404
2026-08-05T21:57:30.546Z SKIP mcd15-1 — after 1 attempts — HTTP 404
2026-08-05T21:57:30.554Z SKIP mcd17-2 — after 1 attempts — HTTP 404
2026-08-05T21:57:30.556Z SKIP mcd17-6 — after 1 attempts — HTTP 404
2026-08-05T21:57:30.558Z SKIP mcd17-5 — after 1 attempts — HTTP 404
2026-08-05T21:57:30.560Z SKIP mcd17-3 — after 1 attempts — HTTP 404
2026-08-05T21:57:30.562Z SKIP mcd17-4 — after 1 attempts — HTTP 404
2026-08-05T21:57:30.563Z SKIP mcd14-9 — after 1 attempts — HTTP 404
2026-08-05T21:57:30.565Z SKIP mcd17-9 — after 1 attempts — HTTP 404
2026-08-05T21:57:30.660Z SKIP mcd17-8 — after 1 attempts — HTTP 404
2026-08-05T21:57:30.662Z SKIP mcd18-11 — after 1 attempts — HTTP 404
2026-08-05T21:57:30.663Z SKIP mcd17-7 — after 1 attempts — HTTP 404
2026-08-05T21:57:30.664Z SKIP mcd18-12 — after 1 attempts — HTTP 404
2026-08-05T21:57:30.666Z SKIP mcd18-1 — after 1 attempts — HTTP 404
2026-08-05T21:57:30.668Z SKIP mcd18-10 — after 1 attempts — HTTP 404
2026-08-05T21:57:30.669Z SKIP mcd18-2 — after 1 attempts — HTTP 404
2026-08-05T21:57:30.671Z SKIP mcd18-3 — after 1 attempts — HTTP 404
2026-08-05T21:57:30.673Z SKIP mcd18-4 — after 1 attempts — HTTP 404
2026-08-05T21:57:30.675Z SKIP mcd18-5 — after 1 attempts — HTTP 404
2026-08-05T21:57:30.676Z SKIP mcd18-6 — after 1 attempts — HTTP 404
2026-08-05T21:57:30.677Z SKIP mcd18-9 — after 1 attempts — HTTP 404
2026-08-05T21:57:30.679Z SKIP mcd18-8 — after 1 attempts — HTTP 404
2026-08-05T21:57:30.680Z SKIP mcd18-7 — after 1 attempts — HTTP 404
2026-08-05T21:57:30.785Z SKIP mcd17-12 — after 1 attempts — HTTP 404
